Fatal error: exception Stdlib.Parsing.Parse_error
