-5
-495
-495
67
17.38 i'm like hey what's up hello!
