Fatal error: exception Failure("Immutable borrow (&'_ int : y) has larger lifetime than a, so a cannot be rebound.")
