Fatal error: exception Failure("Can't provide the deref, which is an owned value, as a pipe return value. Please clone the value before returning it.")
