Fatal error: exception Failure("can't take out mutable borrow on an immutable binding x. please use the 'mut' keyword in the original binding.")
