Fatal error: exception Failure("Can't bind a deref because it is an owned value. Please clone the value before binding it.")
