Fatal error: exception Failure("variable y can't be reassigned as it is already borrowed.")
