Fatal error: exception Failure("lifetime 'a used but not defined in test")
