Fatal error: exception Failure("can't clone on clone!")
