Fatal error: exception Failure("return value not provided in main")
