Fatal error: exception Failure("Mutable reference chupacabra cannot be used until its aliases have fallen out of scope.")
