Fatal error: exception Failure("mutborrow finn_wolfhard must be dereferenced to be assigned to")
