Fatal error: exception Failure("Illegal type. Tuples cannot contain units.")
