Fatal error: exception Failure("Can't bind the result of a de-reference.")
