Fatal error: exception Failure("Mutable reference u cannot be used until its alias caterpie has fallen out of scope.")
