Fatal error: exception Failure("unexpected arg type str in Float")
