Fatal error: exception Failure("the variable being bound is outlived by the definition to which it is being bound.")
