Fatal error: exception Failure("variable x gave ownership to another binding and can't be accessed.")
