Fatal error: exception Failure("If the returned value from the call to isn't a borrow or unit, it must be assigned to an owner.")
