Fatal error: exception Failure("Immutable borrow (&'_ int : &(int : x)) has larger lifetime than a, so a cannot be rebound.")
