Fatal error: exception Failure("thing access must be done on a borrow.")
