Fatal error: exception Failure("lhs of a reassignment must be a mutable borrow or a mutable identifier")
