Fatal error: exception Failure("illegal assignment bool = int in bool b = %x;\n")
