pipe main |> [] |> [] |> unit {
  mut int x <| (int : 4);
{(id: 1)
  ~&'_ int z <| (~&'_ int : ~&(int : x));
}
  &'_ int y <| (&'_ int : &(int : x));
}
