pipe test |> ['a, 'b] |> [x: &'a int, y: &'b int, z: &'a int] |> &'b int {
{(id: test_with_args)
{(id: test_wrapper)
  if ((bool : (int : @(&'a int : x)) == (int : 2)))
  {(id: 7)
    |> (&'a int : x);
  }
  if ((bool : (int : @(&'b int : y)) == (int : 2)))
  {(id: 9)
    |> (&'b int : y);
  }
  |> (&'a int : z);
}
}
}

pipe main |> [] |> [] |> unit {
{(id: main_with_args)
{(id: main_wrapper)
  int x <| (int : 4);
  while (bool : (int : x) < (int : 5))
  {(id: 1)
    if ((bool : (int : x) == (int : 2)))
    {(id: 3)
      &'_ int z <| (&'_ int : &(int : x));
      int y <| (int : 4);
      mut &'_ int w <| (&'_ int : &(int : y));
      loop (int : 0) -> (int : 5) as (xyz,(int : 1))      {(id: 4)
        w <| (&'_ int : test <| [(&'_ int : &(int : x)), (&'_ int : &(int : y)), (&'_ int : z)]);
      }
    }
  }
  |> (unit : ());
}
}
}
