pipe test |> ['a, 'b] |> [x: &'a int, y: &'b int] |> &'b int {
{(id: test_with_args)
{(id: test_wrapper)
  if ((bool : (int : @(&'a int : x)) == (int : 2)))
  {(id: 5)
    |> (&'a int : x);
  }
  |> (&'b int : y);
}
}
}

pipe main |> [] |> [] |> unit {
{(id: main_with_args)
{(id: main_wrapper)
  int x <| (int : 4);
  while (bool : (int : x) < (int : 5))
  {(id: 1)
    int y <| (int : 4);
    mut &'_ int w <| (&'_ int : &(int : y));
    loop (int : 0) -> (int : 5) as (z,(int : 1))    {(id: 2)
      w <| (&'_ int : test <| [(&'_ int : &(int : x)), (&'_ int : &(int : y))]);
    }
  }
  |> (unit : ());
}
}
}
