pipe test |'a, 'b, 'c| [x: &'a int, y: &'b int, z: &'c int] |> &'c int {
{(id: test_with_args)
{(id: test_wrapper)
  if ((bool : (int : @(&'a int : x)) == (int : 2)))
  {(id: 2)
    |> (&'a int : x);
  }
  if ((bool : (int : @(&'b int : y)) == (int : 2)))
  {(id: 4)
    |> (&'b int : y);
  }
  |> (&'c int : z);
}
}
}

pipe main [] |> unit {
{(id: main_with_args)
{(id: main_wrapper)
  int x = (int : 4);
  while (bool : (int : x) < (int : 5))
  {(id: 6)
    int y = (int : 4);
    loop (int : 0) -> (int : 5) as (z,(int : 1))    {(id: 7)
      (&'_ int : test <| [(&'_ int : &(int : x)), (&'_ int : &(int : y)), (&'_ int : &(int : z))]);
    }
  }
  |> (unit : ());
}
}
}
