pipe main [] |> unit {
{(id: main_with_args)
{(id: main_wrapper)
  int x = (int : 4);
{(id: 1)
  int y = (int : x);
}
  |> (unit : ());
}
}
}
