pipe main |> [] |> [] |> unit {
{(id: main_with_args)
{(id: main_wrapper)
  mut int x <| (int : 4);
  x <| (int : 5);
  (int : Printnl <| [(int : x)]);
  |> (unit : ());
}
}
}
