Fatal error: exception Failure("variable x is already immutably borrowed, thus it cant be mutably borrowed.")
