pipe main |> [] |> [] |> unit {
  (unit : );
{
  (unit : );
  (unit : );
}
  (unit : );
}
